[2025-07-16 13:17:28] laravel.EMERGENCY: Unable to create configured logger. Using emergency logger. {"exception":"[object] (InvalidArgumentException(code: 0): Log [] is not defined. at /home/runner/work/ecommerce/ecommerce/vendor/laravel/framework/src/Illuminate/Log/LogManager.php:200)
[stacktrace]
#0 /home/runner/work/ecommerce/ecommerce/vendor/laravel/framework/src/Illuminate/Log/LogManager.php(125): Illuminate\\Log\\LogManager->resolve()
#1 /home/runner/work/ecommerce/ecommerce/vendor/laravel/framework/src/Illuminate/Log/LogManager.php(112): Illuminate\\Log\\LogManager->get()
#2 /home/runner/work/ecommerce/ecommerce/vendor/laravel/framework/src/Illuminate/Log/LogManager.php(590): Illuminate\\Log\\LogManager->driver()
#3 /home/runner/work/ecommerce/ecommerce/vendor/laravel/framework/src/Illuminate/Foundation/Exceptions/Handler.php(247): Illuminate\\Log\\LogManager->error()
#4 /home/runner/work/ecommerce/ecommerce/vendor/laravel/framework/src/Illuminate/Foundation/Console/Kernel.php(366): Illuminate\\Foundation\\Exceptions\\Handler->report()
#5 /home/runner/work/ecommerce/ecommerce/vendor/laravel/framework/src/Illuminate/Foundation/Console/Kernel.php(131): Illuminate\\Foundation\\Console\\Kernel->reportException()
#6 /home/runner/work/ecommerce/ecommerce/artisan(35): Illuminate\\Foundation\\Console\\Kernel->handle()
#7 {main}
"} 
[2025-07-16 13:17:28] laravel.ERROR: The /home/runner/work/ecommerce/ecommerce/bootstrap/cache directory must be present and writable. {"exception":"[object] (Exception(code: 0): The /home/runner/work/ecommerce/ecommerce/bootstrap/cache directory must be present and writable. at /home/runner/work/ecommerce/ecommerce/vendor/laravel/framework/src/Illuminate/Foundation/PackageManifest.php:177)
[stacktrace]
#0 /home/runner/work/ecommerce/ecommerce/vendor/laravel/framework/src/Illuminate/Foundation/PackageManifest.php(130): Illuminate\\Foundation\\PackageManifest->write()
#1 /home/runner/work/ecommerce/ecommerce/vendor/laravel/framework/src/Illuminate/Foundation/PackageManifest.php(106): Illuminate\\Foundation\\PackageManifest->build()
#2 /home/runner/work/ecommerce/ecommerce/vendor/laravel/framework/src/Illuminate/Foundation/PackageManifest.php(89): Illuminate\\Foundation\\PackageManifest->getManifest()
#3 /home/runner/work/ecommerce/ecommerce/vendor/laravel/framework/src/Illuminate/Foundation/PackageManifest.php(78): Illuminate\\Foundation\\PackageManifest->config()
#4 /home/runner/work/ecommerce/ecommerce/vendor/laravel/framework/src/Illuminate/Foundation/Bootstrap/RegisterFacades.php(26): Illuminate\\Foundation\\PackageManifest->aliases()
#5 /home/runner/work/ecommerce/ecommerce/vendor/laravel/framework/src/Illuminate/Foundation/Application.php(237): Illuminate\\Foundation\\Bootstrap\\RegisterFacades->bootstrap()
#6 /home/runner/work/ecommerce/ecommerce/vendor/laravel/framework/src/Illuminate/Foundation/Console/Kernel.php(310): Illuminate\\Foundation\\Application->bootstrapWith()
#7 /home/runner/work/ecommerce/ecommerce/vendor/laravel/framework/src/Illuminate/Foundation/Console/Kernel.php(127): Illuminate\\Foundation\\Console\\Kernel->bootstrap()
#8 /home/runner/work/ecommerce/ecommerce/artisan(35): Illuminate\\Foundation\\Console\\Kernel->handle()
#9 {main}
"} 
[2025-07-16 13:17:42] laravel.EMERGENCY: Unable to create configured logger. Using emergency logger. {"exception":"[object] (InvalidArgumentException(code: 0): Log [] is not defined. at /home/runner/work/ecommerce/ecommerce/vendor/laravel/framework/src/Illuminate/Log/LogManager.php:200)
[stacktrace]
#0 /home/runner/work/ecommerce/ecommerce/vendor/laravel/framework/src/Illuminate/Log/LogManager.php(125): Illuminate\\Log\\LogManager->resolve()
#1 /home/runner/work/ecommerce/ecommerce/vendor/laravel/framework/src/Illuminate/Log/LogManager.php(112): Illuminate\\Log\\LogManager->get()
#2 /home/runner/work/ecommerce/ecommerce/vendor/laravel/framework/src/Illuminate/Log/LogManager.php(590): Illuminate\\Log\\LogManager->driver()
#3 /home/runner/work/ecommerce/ecommerce/vendor/laravel/framework/src/Illuminate/Foundation/Exceptions/Handler.php(247): Illuminate\\Log\\LogManager->error()
#4 /home/runner/work/ecommerce/ecommerce/vendor/nunomaduro/collision/src/Adapters/Laravel/ExceptionHandler.php(46): Illuminate\\Foundation\\Exceptions\\Handler->report()
#5 /home/runner/work/ecommerce/ecommerce/vendor/laravel/framework/src/Illuminate/Foundation/Console/Kernel.php(366): NunoMaduro\\Collision\\Adapters\\Laravel\\ExceptionHandler->report()
#6 /home/runner/work/ecommerce/ecommerce/vendor/laravel/framework/src/Illuminate/Foundation/Console/Kernel.php(131): Illuminate\\Foundation\\Console\\Kernel->reportException()
#7 /home/runner/work/ecommerce/ecommerce/artisan(35): Illuminate\\Foundation\\Console\\Kernel->handle()
#8 {main}
"} 
[2025-07-16 13:17:42] laravel.ERROR: Please provide a valid cache path. {"exception":"[object] (InvalidArgumentException(code: 0): Please provide a valid cache path. at /home/runner/work/ecommerce/ecommerce/vendor/laravel/framework/src/Illuminate/View/Compilers/Compiler.php:36)
[stacktrace]
#0 /home/runner/work/ecommerce/ecommerce/vendor/laravel/framework/src/Illuminate/View/ViewServiceProvider.php(88): Illuminate\\View\\Compilers\\Compiler->__construct()
#1 /home/runner/work/ecommerce/ecommerce/vendor/laravel/framework/src/Illuminate/Container/Container.php(873): Illuminate\\View\\ViewServiceProvider->Illuminate\\View\\{closure}()
#2 /home/runner/work/ecommerce/ecommerce/vendor/laravel/framework/src/Illuminate/Container/Container.php(758): Illuminate\\Container\\Container->build()
#3 /home/runner/work/ecommerce/ecommerce/vendor/laravel/framework/src/Illuminate/Foundation/Application.php(853): Illuminate\\Container\\Container->resolve()
#4 /home/runner/work/ecommerce/ecommerce/vendor/laravel/framework/src/Illuminate/Container/Container.php(694): Illuminate\\Foundation\\Application->resolve()
#5 /home/runner/work/ecommerce/ecommerce/vendor/laravel/framework/src/Illuminate/Foundation/Application.php(838): Illuminate\\Container\\Container->make()
#6 /home/runner/work/ecommerce/ecommerce/vendor/laravel/framework/src/Illuminate/Container/Container.php(1419): Illuminate\\Foundation\\Application->make()
#7 /home/runner/work/ecommerce/ecommerce/vendor/laravel/framework/src/Illuminate/View/ViewServiceProvider.php(150): Illuminate\\Container\\Container->offsetGet()
#8 [internal function]: Illuminate\\View\\ViewServiceProvider->Illuminate\\View\\{closure}()
#9 /home/runner/work/ecommerce/ecommerce/vendor/laravel/framework/src/Illuminate/View/Engines/EngineResolver.php(55): call_user_func()
#10 /home/runner/work/ecommerce/ecommerce/vendor/facade/ignition/src/IgnitionServiceProvider.php(467): Illuminate\\View\\Engines\\EngineResolver->resolve()
#11 /home/runner/work/ecommerce/ecommerce/vendor/facade/ignition/src/IgnitionServiceProvider.php(158): Facade\\Ignition\\IgnitionServiceProvider->hasCustomViewEnginesRegistered()
#12 /home/runner/work/ecommerce/ecommerce/vendor/facade/ignition/src/IgnitionServiceProvider.php(101): Facade\\Ignition\\IgnitionServiceProvider->registerViewEngines()
#13 /home/runner/work/ecommerce/ecommerce/vendor/laravel/framework/src/Illuminate/Container/BoundMethod.php(36): Facade\\Ignition\\IgnitionServiceProvider->boot()
#14 /home/runner/work/ecommerce/ecommerce/vendor/laravel/framework/src/Illuminate/Container/Util.php(40): Illuminate\\Container\\BoundMethod::Illuminate\\Container\\{closure}()
#15 /home/runner/work/ecommerce/ecommerce/vendor/laravel/framework/src/Illuminate/Container/BoundMethod.php(93): Illuminate\\Container\\Util::unwrapIfClosure()
#16 /home/runner/work/ecommerce/ecommerce/vendor/laravel/framework/src/Illuminate/Container/BoundMethod.php(35): Illuminate\\Container\\BoundMethod::callBoundMethod()
#17 /home/runner/work/ecommerce/ecommerce/vendor/laravel/framework/src/Illuminate/Container/Container.php(653): Illuminate\\Container\\BoundMethod::call()
#18 /home/runner/work/ecommerce/ecommerce/vendor/laravel/framework/src/Illuminate/Foundation/Application.php(926): Illuminate\\Container\\Container->call()
#19 /home/runner/work/ecommerce/ecommerce/vendor/laravel/framework/src/Illuminate/Foundation/Application.php(907): Illuminate\\Foundation\\Application->bootProvider()
#20 [internal function]: Illuminate\\Foundation\\Application->Illuminate\\Foundation\\{closure}()
#21 /home/runner/work/ecommerce/ecommerce/vendor/laravel/framework/src/Illuminate/Foundation/Application.php(906): array_walk()
#22 /home/runner/work/ecommerce/ecommerce/vendor/laravel/framework/src/Illuminate/Foundation/Bootstrap/BootProviders.php(17): Illuminate\\Foundation\\Application->boot()
#23 /home/runner/work/ecommerce/ecommerce/vendor/laravel/framework/src/Illuminate/Foundation/Application.php(237): Illuminate\\Foundation\\Bootstrap\\BootProviders->bootstrap()
#24 /home/runner/work/ecommerce/ecommerce/vendor/laravel/framework/src/Illuminate/Foundation/Console/Kernel.php(310): Illuminate\\Foundation\\Application->bootstrapWith()
#25 /home/runner/work/ecommerce/ecommerce/vendor/laravel/framework/src/Illuminate/Foundation/Console/Kernel.php(127): Illuminate\\Foundation\\Console\\Kernel->bootstrap()
#26 /home/runner/work/ecommerce/ecommerce/artisan(35): Illuminate\\Foundation\\Console\\Kernel->handle()
#27 {main}
"} 
[2025-07-16 13:19:39] laravel.EMERGENCY: Unable to create configured logger. Using emergency logger. {"exception":"[object] (InvalidArgumentException(code: 0): Log [] is not defined. at /home/runner/work/ecommerce/ecommerce/vendor/laravel/framework/src/Illuminate/Log/LogManager.php:200)
[stacktrace]
#0 /home/runner/work/ecommerce/ecommerce/vendor/laravel/framework/src/Illuminate/Log/LogManager.php(125): Illuminate\\Log\\LogManager->resolve()
#1 /home/runner/work/ecommerce/ecommerce/vendor/laravel/framework/src/Illuminate/Log/LogManager.php(112): Illuminate\\Log\\LogManager->get()
#2 /home/runner/work/ecommerce/ecommerce/vendor/laravel/framework/src/Illuminate/Log/LogManager.php(590): Illuminate\\Log\\LogManager->driver()
#3 /home/runner/work/ecommerce/ecommerce/vendor/laravel/framework/src/Illuminate/Foundation/Exceptions/Handler.php(247): Illuminate\\Log\\LogManager->error()
#4 /home/runner/work/ecommerce/ecommerce/vendor/nunomaduro/collision/src/Adapters/Laravel/ExceptionHandler.php(46): Illuminate\\Foundation\\Exceptions\\Handler->report()
#5 /home/runner/work/ecommerce/ecommerce/vendor/laravel/framework/src/Illuminate/Foundation/Console/Kernel.php(366): NunoMaduro\\Collision\\Adapters\\Laravel\\ExceptionHandler->report()
#6 /home/runner/work/ecommerce/ecommerce/vendor/laravel/framework/src/Illuminate/Foundation/Console/Kernel.php(131): Illuminate\\Foundation\\Console\\Kernel->reportException()
#7 /home/runner/work/ecommerce/ecommerce/artisan(35): Illuminate\\Foundation\\Console\\Kernel->handle()
#8 {main}
"} 
[2025-07-16 13:19:39] laravel.ERROR: chdir(): No such file or directory (errno 2) {"exception":"[object] (ErrorException(code: 0): chdir(): No such file or directory (errno 2) at /home/runner/work/ecommerce/ecommerce/vendor/laravel/framework/src/Illuminate/Foundation/Console/ServeCommand.php:43)
[stacktrace]
#0 [internal function]: Illuminate\\Foundation\\Bootstrap\\HandleExceptions->handleError()
#1 /home/runner/work/ecommerce/ecommerce/vendor/laravel/framework/src/Illuminate/Foundation/Console/ServeCommand.php(43): chdir()
#2 /home/runner/work/ecommerce/ecommerce/vendor/laravel/framework/src/Illuminate/Container/BoundMethod.php(36): Illuminate\\Foundation\\Console\\ServeCommand->handle()
#3 /home/runner/work/ecommerce/ecommerce/vendor/laravel/framework/src/Illuminate/Container/Util.php(40): Illuminate\\Container\\BoundMethod::Illuminate\\Container\\{closure}()
#4 /home/runner/work/ecommerce/ecommerce/vendor/laravel/framework/src/Illuminate/Container/BoundMethod.php(93): Illuminate\\Container\\Util::unwrapIfClosure()
#5 /home/runner/work/ecommerce/ecommerce/vendor/laravel/framework/src/Illuminate/Container/BoundMethod.php(35): Illuminate\\Container\\BoundMethod::callBoundMethod()
#6 /home/runner/work/ecommerce/ecommerce/vendor/laravel/framework/src/Illuminate/Container/Container.php(653): Illuminate\\Container\\BoundMethod::call()
#7 /home/runner/work/ecommerce/ecommerce/vendor/laravel/framework/src/Illuminate/Console/Command.php(136): Illuminate\\Container\\Container->call()
#8 /home/runner/work/ecommerce/ecommerce/vendor/symfony/console/Command/Command.php(298): Illuminate\\Console\\Command->execute()
#9 /home/runner/work/ecommerce/ecommerce/vendor/laravel/framework/src/Illuminate/Console/Command.php(120): Symfony\\Component\\Console\\Command\\Command->run()
#10 /home/runner/work/ecommerce/ecommerce/vendor/symfony/console/Application.php(1040): Illuminate\\Console\\Command->run()
#11 /home/runner/work/ecommerce/ecommerce/vendor/symfony/console/Application.php(301): Symfony\\Component\\Console\\Application->doRunCommand()
#12 /home/runner/work/ecommerce/ecommerce/vendor/symfony/console/Application.php(171): Symfony\\Component\\Console\\Application->doRun()
#13 /home/runner/work/ecommerce/ecommerce/vendor/laravel/framework/src/Illuminate/Console/Application.php(94): Symfony\\Component\\Console\\Application->run()
#14 /home/runner/work/ecommerce/ecommerce/vendor/laravel/framework/src/Illuminate/Foundation/Console/Kernel.php(129): Illuminate\\Console\\Application->run()
#15 /home/runner/work/ecommerce/ecommerce/artisan(35): Illuminate\\Foundation\\Console\\Kernel->handle()
#16 {main}
"} 
